C:\Users\doria\Documents\MCUXpressoIDE_11.7.0_9198\workspace\frdmk64f_lwip_mqtt_freertos\drivers/fsl_gpio.h:191:20:GPIO_PortSet	16	static
C:\Users\doria\Documents\MCUXpressoIDE_11.7.0_9198\workspace\frdmk64f_lwip_mqtt_freertos\drivers/fsl_gpio.h:206:20:GPIO_PortClear	16	static
../source/lwip_mqtt_freertos.c:167:13:mqtt_topic_subscribed_cb	24	static
../source/lwip_mqtt_freertos.c:184:13:mqtt_incoming_publish_cb	24	static
../source/lwip_mqtt_freertos.c:195:13:mqtt_incoming_data_cb	32	static
../source/lwip_mqtt_freertos.c:235:13:mqtt_subscribe_topics	40	static
../source/lwip_mqtt_freertos.c:263:13:mqtt_connection_cb	32	static
../source/lwip_mqtt_freertos.c:309:13:connect_to_mqtt	24	static
../source/lwip_mqtt_freertos.c:322:13:mqtt_message_published_cb	24	static
../source/lwip_mqtt_freertos.c:339:13:publish_message_generator_on	48	static
../source/lwip_mqtt_freertos.c:356:13:publish_message_generator_off	48	static
../source/lwip_mqtt_freertos.c:374:13:publish_message_alarm_on	48	static
../source/lwip_mqtt_freertos.c:390:13:publish_message_alarms_off	48	static
../source/lwip_mqtt_freertos.c:405:13:publish_message_voltage	56	static
../source/lwip_mqtt_freertos.c:427:13:app_thread	56	static
../source/lwip_mqtt_freertos.c:597:13:generate_client_id	48	static
../source/lwip_mqtt_freertos.c:620:13:stack_init	56	static
../source/lwip_mqtt_freertos.c:673:5:main	24	static
