C:\Users\doria\Documents\MCUXpressoIDE_11.7.0_9198\workspace\frdmk64f_lwip_mqtt_freertos\CMSIS/core_cm4.h:1679:22:__NVIC_EnableIRQ	16	static
C:\Users\doria\Documents\MCUXpressoIDE_11.7.0_9198\workspace\frdmk64f_lwip_mqtt_freertos\drivers/fsl_common_arm.h:499:24:EnableIRQ	24	static
C:\Users\doria\Documents\MCUXpressoIDE_11.7.0_9198\workspace\frdmk64f_lwip_mqtt_freertos\drivers/fsl_ftm.h:731:20:FTM_StartTimer	24	static
C:\Users\doria\Documents\MCUXpressoIDE_11.7.0_9198\workspace\frdmk64f_lwip_mqtt_freertos\drivers/fsl_ftm.h:1027:20:FTM_SetSoftwareTrigger	16	static
../source/servo.c:55:6:FTM0_IRQHandler	8	static
../source/servo.c:65:6:ftm_init	56	static
../source/servo.c:93:6:move_Servo	24	static
../source/servo.c:130:6:servo_task	24	static
